// Jest Snapshot v1, https://goo.gl/fbAQLP

exports[`<PointFormFields /> render 1`] = `
<form
  onSubmit={[Function]}
>
  <label
    htmlFor="image"
  >
    Upload Image
  </label>
  <ImageInput
    name="image"
    onChange={[Function]}
    value="blob:http://localhost:300/a3b6c1fa-93b9"
  />
  <[object Object]
    id="delete-image"
    onClick={[Function]}
    to="#"
  >
    <i
      className="fi-trash"
    />
     Remove Image
  </[object Object]>
  <label
    htmlFor="title"
  >
    Title: 
  </label>
  <input
    name="title"
    onChange={[Function]}
    type="text"
    value="Nike of Samothrace"
  />
  <br />
  <label
    htmlFor="caption"
  >
    Caption: 
  </label>
  <textarea
    name="caption"
    onChange={[Function]}
    type="text"
    value=""
  />
  <br />
  <label
    htmlFor="description"
  >
    Description: 
  </label>
  <textarea
    name="description"
    onChange={[Function]}
    type="text"
    value=""
  />
  <br />
  <label
    htmlFor="location"
  >
    Location: 
  </label>
  <input
    name="location"
    onChange={[Function]}
    type="text"
    value=""
  />
  <br />
  <label
    htmlFor="directions"
  >
    Directions: 
  </label>
  <textarea
    name="directions"
    onChange={[Function]}
    type="text"
    value=""
  />
  <br />
  <Button
    type="submit"
  >
    Save
  </Button>
  <Button
    onClick={[Function]}
    type="button"
  >
    Save and add another
  </Button>
  <br />
  <Button
    className="hollow"
    onClick={[MockFunction]}
    type="button"
  >
    Cancel
  </Button>
</form>
`;
