// Jest Snapshot v1, https://goo.gl/fbAQLP

exports[`<UpdatePointForm /> render 1`] = `undefined`;
