// Jest Snapshot v1, https://goo.gl/fbAQLP

exports[`<Tour /> render 1`] = `
<div>
  <h2>
    Philly Tour
  </h2>
  <p>
    2 hours
  </p>
  <p>
    Walking tour of Philly's architecture and public art
  </p>
  <p>
    City Hall
  </p>
  <p>
    Meet at the West entrance
  </p>
</div>
`;
