// Jest Snapshot v1, https://goo.gl/fbAQLP

exports[`<TourContainer /> render 1`] = `
<div>
  <Connect(Tour)
    tourId="1"
  />
  <h3
    className="point-header"
  >
    What you will see on this tour:
  </h3>
  <Connect(PointCards)
    tourId="1"
  />
</div>
`;
